// Jest Snapshot v1, https://goo.gl/fbAQLP

exports[`UserItem render UserItem 1`] = `
<div>
  <li
    class="sc-AykKE eSxiqy"
  >
    <a
      href="/users/id"
    >
      <div
        class="sc-AykKC bvduzj"
      >
        <img
          alt="avatar"
        />
      </div>
      <span>
        @
        userHandle
      </span>
    </a>
  </li>
</div>
`;
