// Jest Snapshot v1, https://goo.gl/fbAQLP

exports[`tweetServices getTweetById should throw an error when the tweet is not found 1`] = `[Error: Resource not found]`;
