// Jest Snapshot v1, https://goo.gl/fbAQLP

exports[`GetTweetsQueryValidator should throw an error 1`] = `[ValidationError: sort must be one of the following values: top, trending, new, comments]`;
