// Jest Snapshot v1, https://goo.gl/fbAQLP

exports[`ReplyValidator should throw an error 1`] = `[ValidationError: text must be at least 1 characters]`;
