// Jest Snapshot v1, https://goo.gl/fbAQLP

exports[`ResetPasswordValidator should throw an errors 1`] = `[ValidationError: confirmPassword must be at least 12 characters]`;

exports[`ResetPasswordValidator should throw an errors 2`] = `[ValidationError: Passwords don't match]`;
