// Jest Snapshot v1, https://goo.gl/fbAQLP

exports[`TweetValidator should throw an error 1`] = `[ValidationError: text is a required field]`;

exports[`TweetValidator should throw an error 2`] = `[ValidationError: linkUrl is a required field]`;

exports[`TweetValidator should throw an error 3`] = `[ValidationError: type must be one of the following values: text, link, image]`;
