// Jest Snapshot v1, https://goo.gl/fbAQLP

exports[`UserProfileValidator should validate unsuccessfully 1`] = `[ValidationError: 5 errors occurred]`;
