// Jest Snapshot v1, https://goo.gl/fbAQLP

exports[`isAuth should throw an error 1`] = `"Authentication credentials not valid."`;
