// Jest Snapshot v1, https://goo.gl/fbAQLP

exports[`usePortal returns a file 1`] = `
Object {
  "file": Object {
    "name": "test.jpg",
    "type": "image/jpg",
  },
  "fileUrl": "mockString",
}
`;
