// Jest Snapshot v1, https://goo.gl/fbAQLP

exports[`Sidebar render Sidebar 1`] = `"light mode"`;

exports[`Sidebar render Sidebar 2`] = `"light mode"`;
