// Jest Snapshot v1, https://goo.gl/fbAQLP

exports[`Sidebar render Sidebar 1`] = `"Dark Theme"`;

exports[`Sidebar render Sidebar 2`] = `"Dark Theme"`;
